
> vesselradar@0.1.0 build
> next build

โ–ฒ Next.js 16.1.4 (Turbopack)
- Environments: .env.local

  Creating an optimized production build ...
โ“ Compiled successfully in 1217.7ms
  Running TypeScript ...
  Collecting page data using 19 workers ...
node.exe : Error: Invalid supabaseUrl: Must be a 
valid HTTP or HTTPS URL.
At line:1 char:1
+ & "C:\Program Files\nodejs/node.exe" "C:\Program 
Files\nodejs/node_mo ...
+ ~~~~~~~~~~~~~~~~~~~~~~~~~~~~~~~~~~~~~~~~~~~~~~~~~
~~~~~~~~~~~~~~~~~~~~
    + CategoryInfo          : NotSpecified: (Error 
   : Invalid ...P or HTTPS URL.:String) [], Remot  
  eException
    + FullyQualifiedErrorId : NativeCommandError
 
    at <unknown> (D:\Project\vesselradar\.next\serv
er\chunks\[root-of-the-server]__f0677da3._.js:37:43
043)
    at new aU (D:\Project\vesselradar\.next\server\
chunks\[root-of-the-server]__f0677da3._.js:37:43225
)
    at aN (D:\Project\vesselradar\.next\server\chun
ks\[root-of-the-server]__f0677da3._.js:37:47113)
    at module evaluation (D:\Project\vesselradar\.n
ext\server\chunks\[root-of-the-server]__f0677da3._.
js:37:47623)
    at instantiateModule (D:\Project\vesselradar\.n
ext\server\chunks\[turbopack]_runtime.js:740:9)
    at instantiateRuntimeModule (D:\Project\vesselr
adar\.next\server\chunks\[turbopack]_runtime.js:768
:12)
    at getOrInstantiateRuntimeModule (D:\Project\ve
sselradar\.next\server\chunks\[turbopack]_runtime.j
s:781:12)
    at Object.m (D:\Project\vesselradar\.next\serve
r\chunks\[turbopack]_runtime.js:790:18)
    at Object.<anonymous> (D:\Project\vesselradar\.
next\server\app\api\tracking\sync\route.js:6:3)

> Build error occurred
Error: Failed to collect page data for 
/api/tracking/sync
    at ignore-listed frames {
  type: 'Error'
}
